node.exe : npm verbose 
cli C:\Program 
Files\nodejs\node.exe 
C:\Program Files\nodejs
\node_modules\npm\bin\n
pm-cli.js
At C:\Program Files\nod
ejs\npm.ps1:29 char:3
+   & $NODE_EXE 
$NPM_CLI_JS $args
+   ~~~~~~~~~~~~~~~~~~~
~~~~~~~~~~
    + CategoryInfo     
         : NotSpecifi  
  ed: (npm verbose c   
 li...\bin\npm-cli.    
js:String) [], Rem    
oteException
    + FullyQualifiedEr 
   rorId : NativeComm  
  andError
 
npm info using 
npm@10.9.0
npm info using 
node@v22.12.0
npm verbose title npm 
run build
npm verbose argv "run" 
"build"
npm verbose logfile 
logs-max:10 dir:C:\User
s\rahul\AppData\Local\n
pm-cache\_logs\2026-03-
10T08_32_53_966Z-
npm verbose logfile C:\
Users\rahul\AppData\Loc
al\npm-cache\_logs\2026
-03-10T08_32_53_966Z-de
bug-0.log

> rebot@0.1.0 build
> next build

Γû▓ Next.js 16.1.6 (Turbopack)

  Creating an optimized production build ...
Γ£ô Compiled successfully in 7.4s
  Running TypeScript ...
Failed to compile.

./src/app/dashboard/pag
e.tsx:76:40
Type error: Type '{ 
children: Element; 
asChild: true; }' is 
not assignable to type 
'IntrinsicAttributes & 
Props<unknown>'.
  Property 'asChild' 
does not exist on type 
'IntrinsicAttributes & 
Props<unknown>'.

[0m [90m 74 |[39m   
              [33m<[3
9m[33m/[39m[33mdiv[
39m[33m>[39m
 [90m 75 |[39m       
          [33m<[39m[
33mDropdownMenu[39m[3
3m>[39m
[31m[1m>[22m[39m[9
0m 76 |[39m           
        [33m<[39m[33
mDropdownMenuTrigger[3
9m asChild[33m>[39m
 [90m    |[39m       
                       
          
[31m[1m^[22m[39m
 [90m 77 |[39m       
              [33m<[3
9m[33mButton[39m vari
ant[33m=[39m[32m"gho
st"[39m size[33m=[39
m[32m"icon"[39m class
Name[33m=[39m[32m"h-
8 w-8 opacity-0 group-h
over:opacity-100 transi
tion-opacity"[39m[33m
>[39m
 [90m 78 |[39m       
                [33m<
[39m[33mMoreVertical[
39m className[33m=[39
m[32m"h-4 w-4"[39m 
[33m/[39m[33m>[39m
 [90m 79 |[39m       
              [33m<[3
9m[33m/[39m[33mButto
n[39m[33m>[39m[0m
Next.js build worker 
exited with code: 1 
and signal: null
npm verbose cwd 
D:\One_Resume
npm verbose os 
Windows_NT 10.0.26100
npm verbose node 
v22.12.0
npm verbose npm  
v10.9.0
npm verbose exit 1
npm verbose code 1
